Archive member included to satisfy reference by file (symbol)

c:/program files (x86)/atmel/studio/7.0/toolchain/avr8/avr8-gnu-toolchain/bin/../lib/gcc/avr/5.4.0/../../../../avr/lib/avr5\libm.a(addsf3.o)
                              Hal/Servo/Servo.o (__addsf3)
c:/program files (x86)/atmel/studio/7.0/toolchain/avr8/avr8-gnu-toolchain/bin/../lib/gcc/avr/5.4.0/../../../../avr/lib/avr5\libm.a(addsf3x.o)
                              c:/program files (x86)/atmel/studio/7.0/toolchain/avr8/avr8-gnu-toolchain/bin/../lib/gcc/avr/5.4.0/../../../../avr/lib/avr5\libm.a(addsf3.o) (__addsf3x)
c:/program files (x86)/atmel/studio/7.0/toolchain/avr8/avr8-gnu-toolchain/bin/../lib/gcc/avr/5.4.0/../../../../avr/lib/avr5\libm.a(fixunssfsi.o)
                              Hal/Servo/Servo.o (__fixunssfsi)
c:/program files (x86)/atmel/studio/7.0/toolchain/avr8/avr8-gnu-toolchain/bin/../lib/gcc/avr/5.4.0/../../../../avr/lib/avr5\libm.a(floatsisf.o)
                              Hal/Servo/Servo.o (__floatsisf)
c:/program files (x86)/atmel/studio/7.0/toolchain/avr8/avr8-gnu-toolchain/bin/../lib/gcc/avr/5.4.0/../../../../avr/lib/avr5\libm.a(fp_inf.o)
                              c:/program files (x86)/atmel/studio/7.0/toolchain/avr8/avr8-gnu-toolchain/bin/../lib/gcc/avr/5.4.0/../../../../avr/lib/avr5\libm.a(addsf3x.o) (__fp_inf)
c:/program files (x86)/atmel/studio/7.0/toolchain/avr8/avr8-gnu-toolchain/bin/../lib/gcc/avr/5.4.0/../../../../avr/lib/avr5\libm.a(fp_nan.o)
                              c:/program files (x86)/atmel/studio/7.0/toolchain/avr8/avr8-gnu-toolchain/bin/../lib/gcc/avr/5.4.0/../../../../avr/lib/avr5\libm.a(addsf3x.o) (__fp_nan)
c:/program files (x86)/atmel/studio/7.0/toolchain/avr8/avr8-gnu-toolchain/bin/../lib/gcc/avr/5.4.0/../../../../avr/lib/avr5\libm.a(fp_pscA.o)
                              c:/program files (x86)/atmel/studio/7.0/toolchain/avr8/avr8-gnu-toolchain/bin/../lib/gcc/avr/5.4.0/../../../../avr/lib/avr5\libm.a(addsf3x.o) (__fp_pscA)
c:/program files (x86)/atmel/studio/7.0/toolchain/avr8/avr8-gnu-toolchain/bin/../lib/gcc/avr/5.4.0/../../../../avr/lib/avr5\libm.a(fp_pscB.o)
                              c:/program files (x86)/atmel/studio/7.0/toolchain/avr8/avr8-gnu-toolchain/bin/../lib/gcc/avr/5.4.0/../../../../avr/lib/avr5\libm.a(addsf3x.o) (__fp_pscB)
c:/program files (x86)/atmel/studio/7.0/toolchain/avr8/avr8-gnu-toolchain/bin/../lib/gcc/avr/5.4.0/../../../../avr/lib/avr5\libm.a(fp_round.o)
                              c:/program files (x86)/atmel/studio/7.0/toolchain/avr8/avr8-gnu-toolchain/bin/../lib/gcc/avr/5.4.0/../../../../avr/lib/avr5\libm.a(addsf3.o) (__fp_round)
c:/program files (x86)/atmel/studio/7.0/toolchain/avr8/avr8-gnu-toolchain/bin/../lib/gcc/avr/5.4.0/../../../../avr/lib/avr5\libm.a(fp_split3.o)
                              c:/program files (x86)/atmel/studio/7.0/toolchain/avr8/avr8-gnu-toolchain/bin/../lib/gcc/avr/5.4.0/../../../../avr/lib/avr5\libm.a(addsf3x.o) (__fp_split3)
c:/program files (x86)/atmel/studio/7.0/toolchain/avr8/avr8-gnu-toolchain/bin/../lib/gcc/avr/5.4.0/../../../../avr/lib/avr5\libm.a(fp_zero.o)
                              c:/program files (x86)/atmel/studio/7.0/toolchain/avr8/avr8-gnu-toolchain/bin/../lib/gcc/avr/5.4.0/../../../../avr/lib/avr5\libm.a(addsf3x.o) (__fp_zero)
c:/program files (x86)/atmel/studio/7.0/toolchain/avr8/avr8-gnu-toolchain/bin/../lib/gcc/avr/5.4.0/../../../../avr/lib/avr5\libm.a(mulsf3.o)
                              Hal/Servo/Servo.o (__mulsf3)
c:/program files (x86)/atmel/studio/7.0/toolchain/avr8/avr8-gnu-toolchain/bin/../lib/gcc/avr/5.4.0/../../../../avr/lib/avr5\libm.a(mulsf3x.o)
                              c:/program files (x86)/atmel/studio/7.0/toolchain/avr8/avr8-gnu-toolchain/bin/../lib/gcc/avr/5.4.0/../../../../avr/lib/avr5\libm.a(mulsf3.o) (__mulsf3x)
c:/program files (x86)/atmel/studio/7.0/toolchain/avr8/avr8-gnu-toolchain/bin/../lib/gcc/avr/5.4.0/avr5\libgcc.a(_divmodhi4.o)
                              Mcal/Timer0/Timer0.o (__divmodhi4)
c:/program files (x86)/atmel/studio/7.0/toolchain/avr8/avr8-gnu-toolchain/bin/../lib/gcc/avr/5.4.0/avr5\libgcc.a(_udivmodsi4.o)
                              Hal/TempSensor/TempSensor.o (__udivmodsi4)
c:/program files (x86)/atmel/studio/7.0/toolchain/avr8/avr8-gnu-toolchain/bin/../lib/gcc/avr/5.4.0/avr5\libgcc.a(_divmodsi4.o)
                              Hal/Lcd/Lcd.o (__divmodsi4)
c:/program files (x86)/atmel/studio/7.0/toolchain/avr8/avr8-gnu-toolchain/bin/../lib/gcc/avr/5.4.0/avr5\libgcc.a(_negsi2.o)
                              c:/program files (x86)/atmel/studio/7.0/toolchain/avr8/avr8-gnu-toolchain/bin/../lib/gcc/avr/5.4.0/avr5\libgcc.a(_divmodsi4.o) (__negsi2)
c:/program files (x86)/atmel/studio/7.0/toolchain/avr8/avr8-gnu-toolchain/bin/../lib/gcc/avr/5.4.0/avr5\libgcc.a(_exit.o)
                              C:/Program Files (x86)/Atmel/Studio/7.0/Packs/atmel/ATmega_DFP/1.6.364/gcc/dev/atmega32/avr5/crtatmega32.o (exit)
c:/program files (x86)/atmel/studio/7.0/toolchain/avr8/avr8-gnu-toolchain/bin/../lib/gcc/avr/5.4.0/avr5\libgcc.a(_tablejump2.o)
                              Hal/Ssd/Ssd.o (__tablejump2__)
c:/program files (x86)/atmel/studio/7.0/toolchain/avr8/avr8-gnu-toolchain/bin/../lib/gcc/avr/5.4.0/avr5\libgcc.a(_copy_data.o)
                              Hal/KeyPad/KeyPad.o (__do_copy_data)
c:/program files (x86)/atmel/studio/7.0/toolchain/avr8/avr8-gnu-toolchain/bin/../lib/gcc/avr/5.4.0/avr5\libgcc.a(_clear_bss.o)
                              Mcal/ExtInt/ExtInt.o (__do_clear_bss)
c:/program files (x86)/atmel/studio/7.0/toolchain/avr8/avr8-gnu-toolchain/bin/../lib/gcc/avr/5.4.0/avr5\libgcc.a(_umulhisi3.o)
                              Hal/TempSensor/TempSensor.o (__umulhisi3)
c:/program files (x86)/atmel/studio/7.0/toolchain/avr8/avr8-gnu-toolchain/bin/../lib/gcc/avr/5.4.0/avr5\libgcc.a(_muluhisi3.o)
                              Mcal/Timer0/Timer0.o (__muluhisi3)
c:/program files (x86)/atmel/studio/7.0/toolchain/avr8/avr8-gnu-toolchain/bin/../lib/gcc/avr/5.4.0/avr5\libgcc.a(_udivmodhi4.o)
                              c:/program files (x86)/atmel/studio/7.0/toolchain/avr8/avr8-gnu-toolchain/bin/../lib/gcc/avr/5.4.0/avr5\libgcc.a(_divmodhi4.o) (__udivmodhi4)

Allocating common symbols
Common symbol       size              file

CallBack            0x2               Mcal/ExtInt/ExtInt.o

Discarded input sections

 .data          0x00000000        0x0 C:/Program Files (x86)/Atmel/Studio/7.0/Packs/atmel/ATmega_DFP/1.6.364/gcc/dev/atmega32/avr5/crtatmega32.o
 .bss           0x00000000        0x0 C:/Program Files (x86)/Atmel/Studio/7.0/Packs/atmel/ATmega_DFP/1.6.364/gcc/dev/atmega32/avr5/crtatmega32.o
 .text          0x00000000        0x0 App/main.o
 .data          0x00000000        0x0 App/main.o
 .bss           0x00000000        0x0 App/main.o
 .text.A_ExtInt0_Excution
                0x00000000        0x2 App/main.o
 .text          0x00000000        0x0 Hal/Buzzer/Buzzer.o
 .data          0x00000000        0x0 Hal/Buzzer/Buzzer.o
 .bss           0x00000000        0x0 Hal/Buzzer/Buzzer.o
 .text.H_Buzzer_Init
                0x00000000        0xa Hal/Buzzer/Buzzer.o
 .text.H_Buzzer_On
                0x00000000        0xa Hal/Buzzer/Buzzer.o
 .text.H_Buzzer_Off
                0x00000000        0xa Hal/Buzzer/Buzzer.o
 .text.H_Buzzer_Tog
                0x00000000       0x2e Hal/Buzzer/Buzzer.o
 .text.H_Buzzer_BeepShort
                0x00000000       0x1c Hal/Buzzer/Buzzer.o
 .text.H_Buzzer_BeepLong
                0x00000000       0x1c Hal/Buzzer/Buzzer.o
 .text.H_Buzzer_BeepTwice
                0x00000000       0x1c Hal/Buzzer/Buzzer.o
 .text.H_Buzzer_BeepTriple
                0x00000000       0x32 Hal/Buzzer/Buzzer.o
 .debug_info    0x00000000      0x3e2 Hal/Buzzer/Buzzer.o
 .debug_abbrev  0x00000000       0xef Hal/Buzzer/Buzzer.o
 .debug_loc     0x00000000      0x1f8 Hal/Buzzer/Buzzer.o
 .debug_aranges
                0x00000000       0x58 Hal/Buzzer/Buzzer.o
 .debug_ranges  0x00000000       0x48 Hal/Buzzer/Buzzer.o
 .debug_line    0x00000000      0x236 Hal/Buzzer/Buzzer.o
 .debug_str     0x00000000      0x262 Hal/Buzzer/Buzzer.o
 .comment       0x00000000       0x31 Hal/Buzzer/Buzzer.o
 .debug_frame   0x00000000       0x94 Hal/Buzzer/Buzzer.o
 .text          0x00000000        0x0 Hal/DcMotor/DcMotor.o
 .data          0x00000000        0x0 Hal/DcMotor/DcMotor.o
 .bss           0x00000000        0x0 Hal/DcMotor/DcMotor.o
 .text.H_DcMotor_Init
                0x00000000       0x16 Hal/DcMotor/DcMotor.o
 .text.H_DcMotor_SetDirection
                0x00000000       0x2e Hal/DcMotor/DcMotor.o
 .text.H_DcMotor_SetSpeed
                0x00000000        0x6 Hal/DcMotor/DcMotor.o
 .text.H_DcMotor_Start
                0x00000000        0x6 Hal/DcMotor/DcMotor.o
 .text.H_DcMotor_Stop
                0x00000000        0x6 Hal/DcMotor/DcMotor.o
 .debug_info    0x00000000      0x233 Hal/DcMotor/DcMotor.o
 .debug_abbrev  0x00000000       0xa3 Hal/DcMotor/DcMotor.o
 .debug_loc     0x00000000       0x5b Hal/DcMotor/DcMotor.o
 .debug_aranges
                0x00000000       0x40 Hal/DcMotor/DcMotor.o
 .debug_ranges  0x00000000       0x30 Hal/DcMotor/DcMotor.o
 .debug_line    0x00000000      0x113 Hal/DcMotor/DcMotor.o
 .debug_str     0x00000000      0x26b Hal/DcMotor/DcMotor.o
 .comment       0x00000000       0x31 Hal/DcMotor/DcMotor.o
 .debug_frame   0x00000000       0x64 Hal/DcMotor/DcMotor.o
 .text          0x00000000        0x0 Hal/Eeprom/Eeprom.o
 .data          0x00000000        0x0 Hal/Eeprom/Eeprom.o
 .bss           0x00000000        0x0 Hal/Eeprom/Eeprom.o
 .text.H_Eeprom_Init
                0x00000000       0x18 Hal/Eeprom/Eeprom.o
 .text.H_Eeprom_Write
                0x00000000       0x30 Hal/Eeprom/Eeprom.o
 .text.H_Eeprom_Read
                0x00000000       0x36 Hal/Eeprom/Eeprom.o
 .debug_info    0x00000000      0x2d6 Hal/Eeprom/Eeprom.o
 .debug_abbrev  0x00000000      0x152 Hal/Eeprom/Eeprom.o
 .debug_loc     0x00000000      0x1c4 Hal/Eeprom/Eeprom.o
 .debug_aranges
                0x00000000       0x30 Hal/Eeprom/Eeprom.o
 .debug_ranges  0x00000000       0x20 Hal/Eeprom/Eeprom.o
 .debug_line    0x00000000      0x1b9 Hal/Eeprom/Eeprom.o
 .debug_str     0x00000000      0x2d3 Hal/Eeprom/Eeprom.o
 .comment       0x00000000       0x31 Hal/Eeprom/Eeprom.o
 .debug_frame   0x00000000       0x60 Hal/Eeprom/Eeprom.o
 .text          0x00000000        0x0 Hal/KeyPad/KeyPad.o
 .data          0x00000000        0x0 Hal/KeyPad/KeyPad.o
 .bss           0x00000000        0x0 Hal/KeyPad/KeyPad.o
 .text.H_KeyPad_Init
                0x00000000       0x82 Hal/KeyPad/KeyPad.o
 .rodata        0x00000000       0x10 Hal/KeyPad/KeyPad.o
 .text.H_KeyPad_Read
                0x00000000       0xc8 Hal/KeyPad/KeyPad.o
 .debug_info    0x00000000      0x3c8 Hal/KeyPad/KeyPad.o
 .debug_abbrev  0x00000000      0x14a Hal/KeyPad/KeyPad.o
 .debug_loc     0x00000000      0x156 Hal/KeyPad/KeyPad.o
 .debug_aranges
                0x00000000       0x28 Hal/KeyPad/KeyPad.o
 .debug_ranges  0x00000000       0x18 Hal/KeyPad/KeyPad.o
 .debug_line    0x00000000      0x228 Hal/KeyPad/KeyPad.o
 .debug_str     0x00000000      0x26c Hal/KeyPad/KeyPad.o
 .comment       0x00000000       0x31 Hal/KeyPad/KeyPad.o
 .debug_frame   0x00000000       0x54 Hal/KeyPad/KeyPad.o
 .text          0x00000000        0x0 Hal/Lcd/Lcd.o
 .data          0x00000000        0x0 Hal/Lcd/Lcd.o
 .bss           0x00000000        0x0 Hal/Lcd/Lcd.o
 .text.H_Lcd_WriteCharacter
                0x00000000       0x84 Hal/Lcd/Lcd.o
 .text.H_Lcd_WriteCommand
                0x00000000       0x7c Hal/Lcd/Lcd.o
 .text.H_Lcd_Init
                0x00000000       0x78 Hal/Lcd/Lcd.o
 .text.H_Lcd_WriteString
                0x00000000       0x26 Hal/Lcd/Lcd.o
 .text.H_Lcd_WriteNumber
                0x00000000       0xd8 Hal/Lcd/Lcd.o
 .text.H_Lcd_Clr
                0x00000000        0x8 Hal/Lcd/Lcd.o
 .text.H_Lcd_GoTO
                0x00000000       0x30 Hal/Lcd/Lcd.o
 .text.H_Lcd_ShiftRight
                0x00000000        0x8 Hal/Lcd/Lcd.o
 .text.H_Lcd_ShiftLeft
                0x00000000        0x8 Hal/Lcd/Lcd.o
 .debug_info    0x00000000      0x774 Hal/Lcd/Lcd.o
 .debug_abbrev  0x00000000      0x16b Hal/Lcd/Lcd.o
 .debug_loc     0x00000000      0x54e Hal/Lcd/Lcd.o
 .debug_aranges
                0x00000000       0x60 Hal/Lcd/Lcd.o
 .debug_ranges  0x00000000       0x50 Hal/Lcd/Lcd.o
 .debug_line    0x00000000      0x391 Hal/Lcd/Lcd.o
 .debug_str     0x00000000      0x318 Hal/Lcd/Lcd.o
 .comment       0x00000000       0x31 Hal/Lcd/Lcd.o
 .debug_frame   0x00000000      0x100 Hal/Lcd/Lcd.o
 .text          0x00000000        0x0 Hal/Led/Led.o
 .data          0x00000000        0x0 Hal/Led/Led.o
 .bss           0x00000000        0x0 Hal/Led/Led.o
 .text.H_led_Init
                0x00000000        0x8 Hal/Led/Led.o
 .text.H_led_On
                0x00000000        0x8 Hal/Led/Led.o
 .text.H_led_Off
                0x00000000        0x8 Hal/Led/Led.o
 .text.H_led_Togg
                0x00000000       0x3a Hal/Led/Led.o
 .debug_info    0x00000000      0x270 Hal/Led/Led.o
 .debug_abbrev  0x00000000      0x127 Hal/Led/Led.o
 .debug_loc     0x00000000      0x141 Hal/Led/Led.o
 .debug_aranges
                0x00000000       0x38 Hal/Led/Led.o
 .debug_ranges  0x00000000       0x28 Hal/Led/Led.o
 .debug_line    0x00000000      0x19c Hal/Led/Led.o
 .debug_str     0x00000000      0x215 Hal/Led/Led.o
 .comment       0x00000000       0x31 Hal/Led/Led.o
 .debug_frame   0x00000000       0x5c Hal/Led/Led.o
 .text          0x00000000        0x0 Hal/PushButton/PushButton.o
 .data          0x00000000        0x0 Hal/PushButton/PushButton.o
 .bss           0x00000000        0x0 Hal/PushButton/PushButton.o
 .text.H_PushButton_Init
                0x00000000       0x2a Hal/PushButton/PushButton.o
 .text.H_PushButtonRead
                0x00000000       0xc8 Hal/PushButton/PushButton.o
 .debug_info    0x00000000      0x2eb Hal/PushButton/PushButton.o
 .debug_abbrev  0x00000000      0x138 Hal/PushButton/PushButton.o
 .debug_loc     0x00000000      0x1b6 Hal/PushButton/PushButton.o
 .debug_aranges
                0x00000000       0x28 Hal/PushButton/PushButton.o
 .debug_ranges  0x00000000       0x18 Hal/PushButton/PushButton.o
 .debug_line    0x00000000      0x1f0 Hal/PushButton/PushButton.o
 .debug_str     0x00000000      0x231 Hal/PushButton/PushButton.o
 .comment       0x00000000       0x31 Hal/PushButton/PushButton.o
 .debug_frame   0x00000000       0x34 Hal/PushButton/PushButton.o
 .text          0x00000000        0x0 Hal/Servo/Servo.o
 .data          0x00000000        0x0 Hal/Servo/Servo.o
 .bss           0x00000000        0x0 Hal/Servo/Servo.o
 .text.H_Servo_Init
                0x00000000        0xc Hal/Servo/Servo.o
 .text.H_Servo_Start
                0x00000000        0x6 Hal/Servo/Servo.o
 .text.H_Servo_Stop
                0x00000000        0x6 Hal/Servo/Servo.o
 .text.H_Servo_SetAngle
                0x00000000       0x30 Hal/Servo/Servo.o
 .debug_info    0x00000000      0x176 Hal/Servo/Servo.o
 .debug_abbrev  0x00000000       0xb4 Hal/Servo/Servo.o
 .debug_loc     0x00000000       0x5a Hal/Servo/Servo.o
 .debug_aranges
                0x00000000       0x38 Hal/Servo/Servo.o
 .debug_ranges  0x00000000       0x28 Hal/Servo/Servo.o
 .debug_line    0x00000000       0xc6 Hal/Servo/Servo.o
 .debug_str     0x00000000      0x214 Hal/Servo/Servo.o
 .comment       0x00000000       0x31 Hal/Servo/Servo.o
 .debug_frame   0x00000000       0x54 Hal/Servo/Servo.o
 .text          0x00000000        0x0 Hal/Ssd/Ssd.o
 .data          0x00000000        0x0 Hal/Ssd/Ssd.o
 .bss           0x00000000        0x0 Hal/Ssd/Ssd.o
 .text.H_SSD_DigitDisplay
                0x00000000      0x1a8 Hal/Ssd/Ssd.o
 .progmem.gcc_sw_table.H_SSD_DigitDisplay
                0x00000000       0x14 Hal/Ssd/Ssd.o
 .text.H_Ssd_Init
                0x00000000       0x32 Hal/Ssd/Ssd.o
 .text.H_Ssd_Write
                0x00000000       0x4c Hal/Ssd/Ssd.o
 .text.H_Ssd_CounterUp
                0x00000000       0x1c Hal/Ssd/Ssd.o
 .text.H_Ssd_CounterDown
                0x00000000       0x16 Hal/Ssd/Ssd.o
 .debug_info    0x00000000      0x72e Hal/Ssd/Ssd.o
 .debug_abbrev  0x00000000      0x15d Hal/Ssd/Ssd.o
 .debug_loc     0x00000000      0x366 Hal/Ssd/Ssd.o
 .debug_aranges
                0x00000000       0x40 Hal/Ssd/Ssd.o
 .debug_ranges  0x00000000       0x30 Hal/Ssd/Ssd.o
 .debug_line    0x00000000      0x392 Hal/Ssd/Ssd.o
 .debug_str     0x00000000      0x291 Hal/Ssd/Ssd.o
 .comment       0x00000000       0x31 Hal/Ssd/Ssd.o
 .debug_frame   0x00000000       0x90 Hal/Ssd/Ssd.o
 .text          0x00000000        0x0 Hal/TempSensor/TempSensor.o
 .data          0x00000000        0x0 Hal/TempSensor/TempSensor.o
 .bss           0x00000000        0x0 Hal/TempSensor/TempSensor.o
 .text.H_TempSensor_Init
                0x00000000        0x6 Hal/TempSensor/TempSensor.o
 .text.H_TempSensor_Read
                0x00000000       0x1e Hal/TempSensor/TempSensor.o
 .debug_info    0x00000000       0xff Hal/TempSensor/TempSensor.o
 .debug_abbrev  0x00000000       0x9f Hal/TempSensor/TempSensor.o
 .debug_loc     0x00000000       0x18 Hal/TempSensor/TempSensor.o
 .debug_aranges
                0x00000000       0x28 Hal/TempSensor/TempSensor.o
 .debug_ranges  0x00000000       0x18 Hal/TempSensor/TempSensor.o
 .debug_line    0x00000000       0x9e Hal/TempSensor/TempSensor.o
 .debug_str     0x00000000      0x1b2 Hal/TempSensor/TempSensor.o
 .comment       0x00000000       0x31 Hal/TempSensor/TempSensor.o
 .debug_frame   0x00000000       0x34 Hal/TempSensor/TempSensor.o
 .text          0x00000000        0x0 Mcal/Adc/Adc.o
 .data          0x00000000        0x0 Mcal/Adc/Adc.o
 .bss           0x00000000        0x0 Mcal/Adc/Adc.o
 .text.M_Adc_Init
                0x00000000       0x50 Mcal/Adc/Adc.o
 .text.M_Adc_Read
                0x00000000       0x10 Mcal/Adc/Adc.o
 .debug_info    0x00000000       0xc4 Mcal/Adc/Adc.o
 .debug_abbrev  0x00000000       0x78 Mcal/Adc/Adc.o
 .debug_aranges
                0x00000000       0x28 Mcal/Adc/Adc.o
 .debug_ranges  0x00000000       0x18 Mcal/Adc/Adc.o
 .debug_line    0x00000000      0x130 Mcal/Adc/Adc.o
 .debug_str     0x00000000      0x19a Mcal/Adc/Adc.o
 .comment       0x00000000       0x31 Mcal/Adc/Adc.o
 .debug_frame   0x00000000       0x34 Mcal/Adc/Adc.o
 .text          0x00000000        0x0 Mcal/Dio/Dio.o
 .data          0x00000000        0x0 Mcal/Dio/Dio.o
 .bss           0x00000000        0x0 Mcal/Dio/Dio.o
 .text.M_Dio_PinMode
                0x00000000      0x10c Mcal/Dio/Dio.o
 .text.M_Dio_PinWrite
                0x00000000      0x112 Mcal/Dio/Dio.o
 .text.M_Dio_PinRead
                0x00000000       0x88 Mcal/Dio/Dio.o
 .text.M_Dio_PullUPRes
                0x00000000      0x112 Mcal/Dio/Dio.o
 .text.M_Dio_PortMode
                0x00000000       0x52 Mcal/Dio/Dio.o
 .text.M_Dio_PortWrite
                0x00000000       0x20 Mcal/Dio/Dio.o
 .debug_info    0x00000000      0x220 Mcal/Dio/Dio.o
 .debug_abbrev  0x00000000       0xb8 Mcal/Dio/Dio.o
 .debug_loc     0x00000000      0x260 Mcal/Dio/Dio.o
 .debug_aranges
                0x00000000       0x48 Mcal/Dio/Dio.o
 .debug_ranges  0x00000000       0x38 Mcal/Dio/Dio.o
 .debug_line    0x00000000      0x228 Mcal/Dio/Dio.o
 .debug_str     0x00000000      0x20b Mcal/Dio/Dio.o
 .comment       0x00000000       0x31 Mcal/Dio/Dio.o
 .debug_frame   0x00000000       0x74 Mcal/Dio/Dio.o
 .text          0x00000000        0x0 Mcal/ExtInt/ExtInt.o
 .data          0x00000000        0x0 Mcal/ExtInt/ExtInt.o
 .bss           0x00000000        0x0 Mcal/ExtInt/ExtInt.o
 .text.M_ExtInt_Int0Init
                0x00000000       0x1a Mcal/ExtInt/ExtInt.o
 .text.M_Ext_SetCallBack
                0x00000000        0xa Mcal/ExtInt/ExtInt.o
 .text          0x00000000        0x0 Mcal/Spi/Spi.o
 .data          0x00000000        0x0 Mcal/Spi/Spi.o
 .bss           0x00000000        0x0 Mcal/Spi/Spi.o
 .text.M_Spi_Init
                0x00000000       0x38 Mcal/Spi/Spi.o
 .text.M_Spi_Transive
                0x00000000        0xa Mcal/Spi/Spi.o
 .debug_info    0x00000000       0xac Mcal/Spi/Spi.o
 .debug_abbrev  0x00000000       0x6f Mcal/Spi/Spi.o
 .debug_loc     0x00000000       0x1f Mcal/Spi/Spi.o
 .debug_aranges
                0x00000000       0x28 Mcal/Spi/Spi.o
 .debug_ranges  0x00000000       0x18 Mcal/Spi/Spi.o
 .debug_line    0x00000000       0xb6 Mcal/Spi/Spi.o
 .debug_str     0x00000000      0x172 Mcal/Spi/Spi.o
 .comment       0x00000000       0x31 Mcal/Spi/Spi.o
 .debug_frame   0x00000000       0x34 Mcal/Spi/Spi.o
 .text          0x00000000        0x0 Mcal/Timer0/Timer0.o
 .data          0x00000000        0x0 Mcal/Timer0/Timer0.o
 .bss           0x00000000        0x0 Mcal/Timer0/Timer0.o
 .text.M_Timer0_Stop
                0x00000000       0x14 Mcal/Timer0/Timer0.o
 .text.M_Timer0_Pwm0Init
                0x00000000       0x20 Mcal/Timer0/Timer0.o
 .text.M_Timer0_Pwm0SetDutyCycle
                0x00000000       0x14 Mcal/Timer0/Timer0.o
 .text.M_Timer0_Pwm0Start
                0x00000000        0x6 Mcal/Timer0/Timer0.o
 .text.M_Timer0_Pwm0Stop
                0x00000000        0x6 Mcal/Timer0/Timer0.o
 .bss.Timer0_u32_NumOfCompareMatch
                0x00000000        0x4 Mcal/Timer0/Timer0.o
 .text          0x00000000        0x0 Mcal/Timer1/Timer1.o
 .data          0x00000000        0x0 Mcal/Timer1/Timer1.o
 .bss           0x00000000        0x0 Mcal/Timer1/Timer1.o
 .text.M_Timer1_Pwm1Init
                0x00000000       0x2c Mcal/Timer1/Timer1.o
 .text.M_Timer1_Pwm1SetFrequancy
                0x00000000       0x1a Mcal/Timer1/Timer1.o
 .text.M_Timer1_Pwm1SetDutyCycle
                0x00000000       0x2e Mcal/Timer1/Timer1.o
 .text.M_Timer1_Pwm1Start
                0x00000000       0x14 Mcal/Timer1/Timer1.o
 .text.M_Timer1_Pwm1Stop
                0x00000000       0x14 Mcal/Timer1/Timer1.o
 .debug_info    0x00000000      0x10b Mcal/Timer1/Timer1.o
 .debug_abbrev  0x00000000       0x7e Mcal/Timer1/Timer1.o
 .debug_loc     0x00000000       0x2c Mcal/Timer1/Timer1.o
 .debug_aranges
                0x00000000       0x40 Mcal/Timer1/Timer1.o
 .debug_ranges  0x00000000       0x30 Mcal/Timer1/Timer1.o
 .debug_line    0x00000000       0xf4 Mcal/Timer1/Timer1.o
 .debug_str     0x00000000      0x1e1 Mcal/Timer1/Timer1.o
 .comment       0x00000000       0x31 Mcal/Timer1/Timer1.o
 .debug_frame   0x00000000       0x64 Mcal/Timer1/Timer1.o
 .text          0x00000000        0x0 Mcal/Twi/Twi.o
 .data          0x00000000        0x0 Mcal/Twi/Twi.o
 .bss           0x00000000        0x0 Mcal/Twi/Twi.o
 .text.M_Twi_Init
                0x00000000        0xc Mcal/Twi/Twi.o
 .text.M_Twi_StartCondition
                0x00000000       0x1c Mcal/Twi/Twi.o
 .text.M_Twi_SendSlaveAddressWrite
                0x00000000       0x1a Mcal/Twi/Twi.o
 .text.M_Twi_SendSlaveAddressRead
                0x00000000       0x20 Mcal/Twi/Twi.o
 .text.M_Twi_SendByte
                0x00000000       0x1e Mcal/Twi/Twi.o
 .text.M_Twi_ReadByte
                0x00000000       0x2a Mcal/Twi/Twi.o
 .text.M_Twi_RepeatStart
                0x00000000       0x1c Mcal/Twi/Twi.o
 .text.M_Twi_StopCondition
                0x00000000        0xe Mcal/Twi/Twi.o
 .text.M_Twi_Ack
                0x00000000       0x14 Mcal/Twi/Twi.o
 .debug_info    0x00000000      0x172 Mcal/Twi/Twi.o
 .debug_abbrev  0x00000000       0x89 Mcal/Twi/Twi.o
 .debug_loc     0x00000000       0x6f Mcal/Twi/Twi.o
 .debug_aranges
                0x00000000       0x60 Mcal/Twi/Twi.o
 .debug_ranges  0x00000000       0x50 Mcal/Twi/Twi.o
 .debug_line    0x00000000      0x206 Mcal/Twi/Twi.o
 .debug_str     0x00000000      0x20e Mcal/Twi/Twi.o
 .comment       0x00000000       0x31 Mcal/Twi/Twi.o
 .debug_frame   0x00000000       0xa4 Mcal/Twi/Twi.o
 .text          0x00000000        0x0 Mcal/Uart/Uart.o
 .data          0x00000000        0x0 Mcal/Uart/Uart.o
 .bss           0x00000000        0x0 Mcal/Uart/Uart.o
 .text.M_Uart_Init
                0x00000000       0x28 Mcal/Uart/Uart.o
 .text.M_Uart_Transmit
                0x00000000        0x8 Mcal/Uart/Uart.o
 .text.M_Uart_Rec
                0x00000000        0x8 Mcal/Uart/Uart.o
 .debug_info    0x00000000       0xe1 Mcal/Uart/Uart.o
 .debug_abbrev  0x00000000       0x80 Mcal/Uart/Uart.o
 .debug_aranges
                0x00000000       0x30 Mcal/Uart/Uart.o
 .debug_ranges  0x00000000       0x20 Mcal/Uart/Uart.o
 .debug_line    0x00000000       0xcc Mcal/Uart/Uart.o
 .debug_str     0x00000000      0x190 Mcal/Uart/Uart.o
 .comment       0x00000000       0x31 Mcal/Uart/Uart.o
 .debug_frame   0x00000000       0x44 Mcal/Uart/Uart.o
 .text          0x00000000        0x0 Mcal/Wdt/Wdt.o
 .data          0x00000000        0x0 Mcal/Wdt/Wdt.o
 .bss           0x00000000        0x0 Mcal/Wdt/Wdt.o
 .text.M_Wdt_Init
                0x00000000       0x1a Mcal/Wdt/Wdt.o
 .text.M_Wdt_Refresh
                0x00000000        0x4 Mcal/Wdt/Wdt.o
 .debug_info    0x00000000       0x98 Mcal/Wdt/Wdt.o
 .debug_abbrev  0x00000000       0x46 Mcal/Wdt/Wdt.o
 .debug_aranges
                0x00000000       0x28 Mcal/Wdt/Wdt.o
 .debug_ranges  0x00000000       0x18 Mcal/Wdt/Wdt.o
 .debug_line    0x00000000       0x82 Mcal/Wdt/Wdt.o
 .debug_str     0x00000000      0x163 Mcal/Wdt/Wdt.o
 .comment       0x00000000       0x31 Mcal/Wdt/Wdt.o
 .debug_frame   0x00000000       0x34 Mcal/Wdt/Wdt.o
 .text          0x00000000        0x0 c:/program files (x86)/atmel/studio/7.0/toolchain/avr8/avr8-gnu-toolchain/bin/../lib/gcc/avr/5.4.0/../../../../avr/lib/avr5\libm.a(addsf3.o)
 .data          0x00000000        0x0 c:/program files (x86)/atmel/studio/7.0/toolchain/avr8/avr8-gnu-toolchain/bin/../lib/gcc/avr/5.4.0/../../../../avr/lib/avr5\libm.a(addsf3.o)
 .bss           0x00000000        0x0 c:/program files (x86)/atmel/studio/7.0/toolchain/avr8/avr8-gnu-toolchain/bin/../lib/gcc/avr/5.4.0/../../../../avr/lib/avr5\libm.a(addsf3.o)
 .text.avr-libc.fplib
                0x00000000        0xe c:/program files (x86)/atmel/studio/7.0/toolchain/avr8/avr8-gnu-toolchain/bin/../lib/gcc/avr/5.4.0/../../../../avr/lib/avr5\libm.a(addsf3.o)
 .text          0x00000000        0x0 c:/program files (x86)/atmel/studio/7.0/toolchain/avr8/avr8-gnu-toolchain/bin/../lib/gcc/avr/5.4.0/../../../../avr/lib/avr5\libm.a(addsf3x.o)
 .data          0x00000000        0x0 c:/program files (x86)/atmel/studio/7.0/toolchain/avr8/avr8-gnu-toolchain/bin/../lib/gcc/avr/5.4.0/../../../../avr/lib/avr5\libm.a(addsf3x.o)
 .bss           0x00000000        0x0 c:/program files (x86)/atmel/studio/7.0/toolchain/avr8/avr8-gnu-toolchain/bin/../lib/gcc/avr/5.4.0/../../../../avr/lib/avr5\libm.a(addsf3x.o)
 .text.avr-libc.fplib
                0x00000000       0xcc c:/program files (x86)/atmel/studio/7.0/toolchain/avr8/avr8-gnu-toolchain/bin/../lib/gcc/avr/5.4.0/../../../../avr/lib/avr5\libm.a(addsf3x.o)
 .text          0x00000000        0x0 c:/program files (x86)/atmel/studio/7.0/toolchain/avr8/avr8-gnu-toolchain/bin/../lib/gcc/avr/5.4.0/../../../../avr/lib/avr5\libm.a(fixunssfsi.o)
 .data          0x00000000        0x0 c:/program files (x86)/atmel/studio/7.0/toolchain/avr8/avr8-gnu-toolchain/bin/../lib/gcc/avr/5.4.0/../../../../avr/lib/avr5\libm.a(fixunssfsi.o)
 .bss           0x00000000        0x0 c:/program files (x86)/atmel/studio/7.0/toolchain/avr8/avr8-gnu-toolchain/bin/../lib/gcc/avr/5.4.0/../../../../avr/lib/avr5\libm.a(fixunssfsi.o)
 .text.avr-libc.fplib
                0x00000000       0x5e c:/program files (x86)/atmel/studio/7.0/toolchain/avr8/avr8-gnu-toolchain/bin/../lib/gcc/avr/5.4.0/../../../../avr/lib/avr5\libm.a(fixunssfsi.o)
 .text          0x00000000        0x0 c:/program files (x86)/atmel/studio/7.0/toolchain/avr8/avr8-gnu-toolchain/bin/../lib/gcc/avr/5.4.0/../../../../avr/lib/avr5\libm.a(floatsisf.o)
 .data          0x00000000        0x0 c:/program files (x86)/atmel/studio/7.0/toolchain/avr8/avr8-gnu-toolchain/bin/../lib/gcc/avr/5.4.0/../../../../avr/lib/avr5\libm.a(floatsisf.o)
 .bss           0x00000000        0x0 c:/program files (x86)/atmel/studio/7.0/toolchain/avr8/avr8-gnu-toolchain/bin/../lib/gcc/avr/5.4.0/../../../../avr/lib/avr5\libm.a(floatsisf.o)
 .text.avr-libc.fplib
                0x00000000       0x7a c:/program files (x86)/atmel/studio/7.0/toolchain/avr8/avr8-gnu-toolchain/bin/../lib/gcc/avr/5.4.0/../../../../avr/lib/avr5\libm.a(floatsisf.o)
 .text          0x00000000        0x0 c:/program files (x86)/atmel/studio/7.0/toolchain/avr8/avr8-gnu-toolchain/bin/../lib/gcc/avr/5.4.0/../../../../avr/lib/avr5\libm.a(fp_inf.o)
 .data          0x00000000        0x0 c:/program files (x86)/atmel/studio/7.0/toolchain/avr8/avr8-gnu-toolchain/bin/../lib/gcc/avr/5.4.0/../../../../avr/lib/avr5\libm.a(fp_inf.o)
 .bss           0x00000000        0x0 c:/program files (x86)/atmel/studio/7.0/toolchain/avr8/avr8-gnu-toolchain/bin/../lib/gcc/avr/5.4.0/../../../../avr/lib/avr5\libm.a(fp_inf.o)
 .text.avr-libc.fplib
                0x00000000        0xc c:/program files (x86)/atmel/studio/7.0/toolchain/avr8/avr8-gnu-toolchain/bin/../lib/gcc/avr/5.4.0/../../../../avr/lib/avr5\libm.a(fp_inf.o)
 .text          0x00000000        0x0 c:/program files (x86)/atmel/studio/7.0/toolchain/avr8/avr8-gnu-toolchain/bin/../lib/gcc/avr/5.4.0/../../../../avr/lib/avr5\libm.a(fp_nan.o)
 .data          0x00000000        0x0 c:/program files (x86)/atmel/studio/7.0/toolchain/avr8/avr8-gnu-toolchain/bin/../lib/gcc/avr/5.4.0/../../../../avr/lib/avr5\libm.a(fp_nan.o)
 .bss           0x00000000        0x0 c:/program files (x86)/atmel/studio/7.0/toolchain/avr8/avr8-gnu-toolchain/bin/../lib/gcc/avr/5.4.0/../../../../avr/lib/avr5\libm.a(fp_nan.o)
 .text.avr-libc.fplib
                0x00000000        0x6 c:/program files (x86)/atmel/studio/7.0/toolchain/avr8/avr8-gnu-toolchain/bin/../lib/gcc/avr/5.4.0/../../../../avr/lib/avr5\libm.a(fp_nan.o)
 .text          0x00000000        0x0 c:/program files (x86)/atmel/studio/7.0/toolchain/avr8/avr8-gnu-toolchain/bin/../lib/gcc/avr/5.4.0/../../../../avr/lib/avr5\libm.a(fp_pscA.o)
 .data          0x00000000        0x0 c:/program files (x86)/atmel/studio/7.0/toolchain/avr8/avr8-gnu-toolchain/bin/../lib/gcc/avr/5.4.0/../../../../avr/lib/avr5\libm.a(fp_pscA.o)
 .bss           0x00000000        0x0 c:/program files (x86)/atmel/studio/7.0/toolchain/avr8/avr8-gnu-toolchain/bin/../lib/gcc/avr/5.4.0/../../../../avr/lib/avr5\libm.a(fp_pscA.o)
 .text.avr-libc.fplib
                0x00000000        0xe c:/program files (x86)/atmel/studio/7.0/toolchain/avr8/avr8-gnu-toolchain/bin/../lib/gcc/avr/5.4.0/../../../../avr/lib/avr5\libm.a(fp_pscA.o)
 .text          0x00000000        0x0 c:/program files (x86)/atmel/studio/7.0/toolchain/avr8/avr8-gnu-toolchain/bin/../lib/gcc/avr/5.4.0/../../../../avr/lib/avr5\libm.a(fp_pscB.o)
 .data          0x00000000        0x0 c:/program files (x86)/atmel/studio/7.0/toolchain/avr8/avr8-gnu-toolchain/bin/../lib/gcc/avr/5.4.0/../../../../avr/lib/avr5\libm.a(fp_pscB.o)
 .bss           0x00000000        0x0 c:/program files (x86)/atmel/studio/7.0/toolchain/avr8/avr8-gnu-toolchain/bin/../lib/gcc/avr/5.4.0/../../../../avr/lib/avr5\libm.a(fp_pscB.o)
 .text.avr-libc.fplib
                0x00000000        0xe c:/program files (x86)/atmel/studio/7.0/toolchain/avr8/avr8-gnu-toolchain/bin/../lib/gcc/avr/5.4.0/../../../../avr/lib/avr5\libm.a(fp_pscB.o)
 .text          0x00000000        0x0 c:/program files (x86)/atmel/studio/7.0/toolchain/avr8/avr8-gnu-toolchain/bin/../lib/gcc/avr/5.4.0/../../../../avr/lib/avr5\libm.a(fp_round.o)
 .data          0x00000000        0x0 c:/program files (x86)/atmel/studio/7.0/toolchain/avr8/avr8-gnu-toolchain/bin/../lib/gcc/avr/5.4.0/../../../../avr/lib/avr5\libm.a(fp_round.o)
 .bss           0x00000000        0x0 c:/program files (x86)/atmel/studio/7.0/toolchain/avr8/avr8-gnu-toolchain/bin/../lib/gcc/avr/5.4.0/../../../../avr/lib/avr5\libm.a(fp_round.o)
 .text.avr-libc.fplib
                0x00000000       0x22 c:/program files (x86)/atmel/studio/7.0/toolchain/avr8/avr8-gnu-toolchain/bin/../lib/gcc/avr/5.4.0/../../../../avr/lib/avr5\libm.a(fp_round.o)
 .text          0x00000000        0x0 c:/program files (x86)/atmel/studio/7.0/toolchain/avr8/avr8-gnu-toolchain/bin/../lib/gcc/avr/5.4.0/../../../../avr/lib/avr5\libm.a(fp_split3.o)
 .data          0x00000000        0x0 c:/program files (x86)/atmel/studio/7.0/toolchain/avr8/avr8-gnu-toolchain/bin/../lib/gcc/avr/5.4.0/../../../../avr/lib/avr5\libm.a(fp_split3.o)
 .bss           0x00000000        0x0 c:/program files (x86)/atmel/studio/7.0/toolchain/avr8/avr8-gnu-toolchain/bin/../lib/gcc/avr/5.4.0/../../../../avr/lib/avr5\libm.a(fp_split3.o)
 .text.avr-libc.fplib
                0x00000000       0x44 c:/program files (x86)/atmel/studio/7.0/toolchain/avr8/avr8-gnu-toolchain/bin/../lib/gcc/avr/5.4.0/../../../../avr/lib/avr5\libm.a(fp_split3.o)
 .text          0x00000000        0x0 c:/program files (x86)/atmel/studio/7.0/toolchain/avr8/avr8-gnu-toolchain/bin/../lib/gcc/avr/5.4.0/../../../../avr/lib/avr5\libm.a(fp_zero.o)
 .data          0x00000000        0x0 c:/program files (x86)/atmel/studio/7.0/toolchain/avr8/avr8-gnu-toolchain/bin/../lib/gcc/avr/5.4.0/../../../../avr/lib/avr5\libm.a(fp_zero.o)
 .bss           0x00000000        0x0 c:/program files (x86)/atmel/studio/7.0/toolchain/avr8/avr8-gnu-toolchain/bin/../lib/gcc/avr/5.4.0/../../../../avr/lib/avr5\libm.a(fp_zero.o)
 .text.avr-libc.fplib
                0x00000000        0xe c:/program files (x86)/atmel/studio/7.0/toolchain/avr8/avr8-gnu-toolchain/bin/../lib/gcc/avr/5.4.0/../../../../avr/lib/avr5\libm.a(fp_zero.o)
 .text          0x00000000        0x0 c:/program files (x86)/atmel/studio/7.0/toolchain/avr8/avr8-gnu-toolchain/bin/../lib/gcc/avr/5.4.0/../../../../avr/lib/avr5\libm.a(mulsf3.o)
 .data          0x00000000        0x0 c:/program files (x86)/atmel/studio/7.0/toolchain/avr8/avr8-gnu-toolchain/bin/../lib/gcc/avr/5.4.0/../../../../avr/lib/avr5\libm.a(mulsf3.o)
 .bss           0x00000000        0x0 c:/program files (x86)/atmel/studio/7.0/toolchain/avr8/avr8-gnu-toolchain/bin/../lib/gcc/avr/5.4.0/../../../../avr/lib/avr5\libm.a(mulsf3.o)
 .text.avr-libc.fplib
                0x00000000        0x8 c:/program files (x86)/atmel/studio/7.0/toolchain/avr8/avr8-gnu-toolchain/bin/../lib/gcc/avr/5.4.0/../../../../avr/lib/avr5\libm.a(mulsf3.o)
 .text          0x00000000        0x0 c:/program files (x86)/atmel/studio/7.0/toolchain/avr8/avr8-gnu-toolchain/bin/../lib/gcc/avr/5.4.0/../../../../avr/lib/avr5\libm.a(mulsf3x.o)
 .data          0x00000000        0x0 c:/program files (x86)/atmel/studio/7.0/toolchain/avr8/avr8-gnu-toolchain/bin/../lib/gcc/avr/5.4.0/../../../../avr/lib/avr5\libm.a(mulsf3x.o)
 .bss           0x00000000        0x0 c:/program files (x86)/atmel/studio/7.0/toolchain/avr8/avr8-gnu-toolchain/bin/../lib/gcc/avr/5.4.0/../../../../avr/lib/avr5\libm.a(mulsf3x.o)
 .text.avr-libc.fplib
                0x00000000       0xd2 c:/program files (x86)/atmel/studio/7.0/toolchain/avr8/avr8-gnu-toolchain/bin/../lib/gcc/avr/5.4.0/../../../../avr/lib/avr5\libm.a(mulsf3x.o)
 .text          0x00000000        0x0 c:/program files (x86)/atmel/studio/7.0/toolchain/avr8/avr8-gnu-toolchain/bin/../lib/gcc/avr/5.4.0/avr5\libgcc.a(_divmodhi4.o)
 .data          0x00000000        0x0 c:/program files (x86)/atmel/studio/7.0/toolchain/avr8/avr8-gnu-toolchain/bin/../lib/gcc/avr/5.4.0/avr5\libgcc.a(_divmodhi4.o)
 .bss           0x00000000        0x0 c:/program files (x86)/atmel/studio/7.0/toolchain/avr8/avr8-gnu-toolchain/bin/../lib/gcc/avr/5.4.0/avr5\libgcc.a(_divmodhi4.o)
 .text.libgcc.mul
                0x00000000        0x0 c:/program files (x86)/atmel/studio/7.0/toolchain/avr8/avr8-gnu-toolchain/bin/../lib/gcc/avr/5.4.0/avr5\libgcc.a(_divmodhi4.o)
 .text.libgcc.div
                0x00000000       0x28 c:/program files (x86)/atmel/studio/7.0/toolchain/avr8/avr8-gnu-toolchain/bin/../lib/gcc/avr/5.4.0/avr5\libgcc.a(_divmodhi4.o)
 .text.libgcc   0x00000000        0x0 c:/program files (x86)/atmel/studio/7.0/toolchain/avr8/avr8-gnu-toolchain/bin/../lib/gcc/avr/5.4.0/avr5\libgcc.a(_divmodhi4.o)
 .text.libgcc.prologue
                0x00000000        0x0 c:/program files (x86)/atmel/studio/7.0/toolchain/avr8/avr8-gnu-toolchain/bin/../lib/gcc/avr/5.4.0/avr5\libgcc.a(_divmodhi4.o)
 .text.libgcc.builtins
                0x00000000        0x0 c:/program files (x86)/atmel/studio/7.0/toolchain/avr8/avr8-gnu-toolchain/bin/../lib/gcc/avr/5.4.0/avr5\libgcc.a(_divmodhi4.o)
 .text.libgcc.fmul
                0x00000000        0x0 c:/program files (x86)/atmel/studio/7.0/toolchain/avr8/avr8-gnu-toolchain/bin/../lib/gcc/avr/5.4.0/avr5\libgcc.a(_divmodhi4.o)
 .text.libgcc.fixed
                0x00000000        0x0 c:/program files (x86)/atmel/studio/7.0/toolchain/avr8/avr8-gnu-toolchain/bin/../lib/gcc/avr/5.4.0/avr5\libgcc.a(_divmodhi4.o)
 .text          0x00000000        0x0 c:/program files (x86)/atmel/studio/7.0/toolchain/avr8/avr8-gnu-toolchain/bin/../lib/gcc/avr/5.4.0/avr5\libgcc.a(_udivmodsi4.o)
 .data          0x00000000        0x0 c:/program files (x86)/atmel/studio/7.0/toolchain/avr8/avr8-gnu-toolchain/bin/../lib/gcc/avr/5.4.0/avr5\libgcc.a(_udivmodsi4.o)
 .bss           0x00000000        0x0 c:/program files (x86)/atmel/studio/7.0/toolchain/avr8/avr8-gnu-toolchain/bin/../lib/gcc/avr/5.4.0/avr5\libgcc.a(_udivmodsi4.o)
 .text.libgcc.mul
                0x00000000        0x0 c:/program files (x86)/atmel/studio/7.0/toolchain/avr8/avr8-gnu-toolchain/bin/../lib/gcc/avr/5.4.0/avr5\libgcc.a(_udivmodsi4.o)
 .text.libgcc.div
                0x00000000       0x44 c:/program files (x86)/atmel/studio/7.0/toolchain/avr8/avr8-gnu-toolchain/bin/../lib/gcc/avr/5.4.0/avr5\libgcc.a(_udivmodsi4.o)
 .text.libgcc   0x00000000        0x0 c:/program files (x86)/atmel/studio/7.0/toolchain/avr8/avr8-gnu-toolchain/bin/../lib/gcc/avr/5.4.0/avr5\libgcc.a(_udivmodsi4.o)
 .text.libgcc.prologue
                0x00000000        0x0 c:/program files (x86)/atmel/studio/7.0/toolchain/avr8/avr8-gnu-toolchain/bin/../lib/gcc/avr/5.4.0/avr5\libgcc.a(_udivmodsi4.o)
 .text.libgcc.builtins
                0x00000000        0x0 c:/program files (x86)/atmel/studio/7.0/toolchain/avr8/avr8-gnu-toolchain/bin/../lib/gcc/avr/5.4.0/avr5\libgcc.a(_udivmodsi4.o)
 .text.libgcc.fmul
                0x00000000        0x0 c:/program files (x86)/atmel/studio/7.0/toolchain/avr8/avr8-gnu-toolchain/bin/../lib/gcc/avr/5.4.0/avr5\libgcc.a(_udivmodsi4.o)
 .text.libgcc.fixed
                0x00000000        0x0 c:/program files (x86)/atmel/studio/7.0/toolchain/avr8/avr8-gnu-toolchain/bin/../lib/gcc/avr/5.4.0/avr5\libgcc.a(_udivmodsi4.o)
 .text          0x00000000        0x0 c:/program files (x86)/atmel/studio/7.0/toolchain/avr8/avr8-gnu-toolchain/bin/../lib/gcc/avr/5.4.0/avr5\libgcc.a(_divmodsi4.o)
 .data          0x00000000        0x0 c:/program files (x86)/atmel/studio/7.0/toolchain/avr8/avr8-gnu-toolchain/bin/../lib/gcc/avr/5.4.0/avr5\libgcc.a(_divmodsi4.o)
 .bss           0x00000000        0x0 c:/program files (x86)/atmel/studio/7.0/toolchain/avr8/avr8-gnu-toolchain/bin/../lib/gcc/avr/5.4.0/avr5\libgcc.a(_divmodsi4.o)
 .text.libgcc.mul
                0x00000000        0x0 c:/program files (x86)/atmel/studio/7.0/toolchain/avr8/avr8-gnu-toolchain/bin/../lib/gcc/avr/5.4.0/avr5\libgcc.a(_divmodsi4.o)
 .text.libgcc.div
                0x00000000       0x2e c:/program files (x86)/atmel/studio/7.0/toolchain/avr8/avr8-gnu-toolchain/bin/../lib/gcc/avr/5.4.0/avr5\libgcc.a(_divmodsi4.o)
 .text.libgcc   0x00000000        0x0 c:/program files (x86)/atmel/studio/7.0/toolchain/avr8/avr8-gnu-toolchain/bin/../lib/gcc/avr/5.4.0/avr5\libgcc.a(_divmodsi4.o)
 .text.libgcc.prologue
                0x00000000        0x0 c:/program files (x86)/atmel/studio/7.0/toolchain/avr8/avr8-gnu-toolchain/bin/../lib/gcc/avr/5.4.0/avr5\libgcc.a(_divmodsi4.o)
 .text.libgcc.builtins
                0x00000000        0x0 c:/program files (x86)/atmel/studio/7.0/toolchain/avr8/avr8-gnu-toolchain/bin/../lib/gcc/avr/5.4.0/avr5\libgcc.a(_divmodsi4.o)
 .text.libgcc.fmul
                0x00000000        0x0 c:/program files (x86)/atmel/studio/7.0/toolchain/avr8/avr8-gnu-toolchain/bin/../lib/gcc/avr/5.4.0/avr5\libgcc.a(_divmodsi4.o)
 .text.libgcc.fixed
                0x00000000        0x0 c:/program files (x86)/atmel/studio/7.0/toolchain/avr8/avr8-gnu-toolchain/bin/../lib/gcc/avr/5.4.0/avr5\libgcc.a(_divmodsi4.o)
 .text          0x00000000        0x0 c:/program files (x86)/atmel/studio/7.0/toolchain/avr8/avr8-gnu-toolchain/bin/../lib/gcc/avr/5.4.0/avr5\libgcc.a(_negsi2.o)
 .data          0x00000000        0x0 c:/program files (x86)/atmel/studio/7.0/toolchain/avr8/avr8-gnu-toolchain/bin/../lib/gcc/avr/5.4.0/avr5\libgcc.a(_negsi2.o)
 .bss           0x00000000        0x0 c:/program files (x86)/atmel/studio/7.0/toolchain/avr8/avr8-gnu-toolchain/bin/../lib/gcc/avr/5.4.0/avr5\libgcc.a(_negsi2.o)
 .text.libgcc.mul
                0x00000000        0x0 c:/program files (x86)/atmel/studio/7.0/toolchain/avr8/avr8-gnu-toolchain/bin/../lib/gcc/avr/5.4.0/avr5\libgcc.a(_negsi2.o)
 .text.libgcc.div
                0x00000000       0x10 c:/program files (x86)/atmel/studio/7.0/toolchain/avr8/avr8-gnu-toolchain/bin/../lib/gcc/avr/5.4.0/avr5\libgcc.a(_negsi2.o)
 .text.libgcc   0x00000000        0x0 c:/program files (x86)/atmel/studio/7.0/toolchain/avr8/avr8-gnu-toolchain/bin/../lib/gcc/avr/5.4.0/avr5\libgcc.a(_negsi2.o)
 .text.libgcc.prologue
                0x00000000        0x0 c:/program files (x86)/atmel/studio/7.0/toolchain/avr8/avr8-gnu-toolchain/bin/../lib/gcc/avr/5.4.0/avr5\libgcc.a(_negsi2.o)
 .text.libgcc.builtins
                0x00000000        0x0 c:/program files (x86)/atmel/studio/7.0/toolchain/avr8/avr8-gnu-toolchain/bin/../lib/gcc/avr/5.4.0/avr5\libgcc.a(_negsi2.o)
 .text.libgcc.fmul
                0x00000000        0x0 c:/program files (x86)/atmel/studio/7.0/toolchain/avr8/avr8-gnu-toolchain/bin/../lib/gcc/avr/5.4.0/avr5\libgcc.a(_negsi2.o)
 .text.libgcc.fixed
                0x00000000        0x0 c:/program files (x86)/atmel/studio/7.0/toolchain/avr8/avr8-gnu-toolchain/bin/../lib/gcc/avr/5.4.0/avr5\libgcc.a(_negsi2.o)
 .text          0x00000000        0x0 c:/program files (x86)/atmel/studio/7.0/toolchain/avr8/avr8-gnu-toolchain/bin/../lib/gcc/avr/5.4.0/avr5\libgcc.a(_exit.o)
 .data          0x00000000        0x0 c:/program files (x86)/atmel/studio/7.0/toolchain/avr8/avr8-gnu-toolchain/bin/../lib/gcc/avr/5.4.0/avr5\libgcc.a(_exit.o)
 .bss           0x00000000        0x0 c:/program files (x86)/atmel/studio/7.0/toolchain/avr8/avr8-gnu-toolchain/bin/../lib/gcc/avr/5.4.0/avr5\libgcc.a(_exit.o)
 .text.libgcc.mul
                0x00000000        0x0 c:/program files (x86)/atmel/studio/7.0/toolchain/avr8/avr8-gnu-toolchain/bin/../lib/gcc/avr/5.4.0/avr5\libgcc.a(_exit.o)
 .text.libgcc.div
                0x00000000        0x0 c:/program files (x86)/atmel/studio/7.0/toolchain/avr8/avr8-gnu-toolchain/bin/../lib/gcc/avr/5.4.0/avr5\libgcc.a(_exit.o)
 .text.libgcc   0x00000000        0x0 c:/program files (x86)/atmel/studio/7.0/toolchain/avr8/avr8-gnu-toolchain/bin/../lib/gcc/avr/5.4.0/avr5\libgcc.a(_exit.o)
 .text.libgcc.prologue
                0x00000000        0x0 c:/program files (x86)/atmel/studio/7.0/toolchain/avr8/avr8-gnu-toolchain/bin/../lib/gcc/avr/5.4.0/avr5\libgcc.a(_exit.o)
 .text.libgcc.builtins
                0x00000000        0x0 c:/program files (x86)/atmel/studio/7.0/toolchain/avr8/avr8-gnu-toolchain/bin/../lib/gcc/avr/5.4.0/avr5\libgcc.a(_exit.o)
 .text.libgcc.fmul
                0x00000000        0x0 c:/program files (x86)/atmel/studio/7.0/toolchain/avr8/avr8-gnu-toolchain/bin/../lib/gcc/avr/5.4.0/avr5\libgcc.a(_exit.o)
 .text.libgcc.fixed
                0x00000000        0x0 c:/program files (x86)/atmel/studio/7.0/toolchain/avr8/avr8-gnu-toolchain/bin/../lib/gcc/avr/5.4.0/avr5\libgcc.a(_exit.o)
 .text          0x00000000        0x0 c:/program files (x86)/atmel/studio/7.0/toolchain/avr8/avr8-gnu-toolchain/bin/../lib/gcc/avr/5.4.0/avr5\libgcc.a(_tablejump2.o)
 .data          0x00000000        0x0 c:/program files (x86)/atmel/studio/7.0/toolchain/avr8/avr8-gnu-toolchain/bin/../lib/gcc/avr/5.4.0/avr5\libgcc.a(_tablejump2.o)
 .bss           0x00000000        0x0 c:/program files (x86)/atmel/studio/7.0/toolchain/avr8/avr8-gnu-toolchain/bin/../lib/gcc/avr/5.4.0/avr5\libgcc.a(_tablejump2.o)
 .text.libgcc.mul
                0x00000000        0x0 c:/program files (x86)/atmel/studio/7.0/toolchain/avr8/avr8-gnu-toolchain/bin/../lib/gcc/avr/5.4.0/avr5\libgcc.a(_tablejump2.o)
 .text.libgcc.div
                0x00000000        0x0 c:/program files (x86)/atmel/studio/7.0/toolchain/avr8/avr8-gnu-toolchain/bin/../lib/gcc/avr/5.4.0/avr5\libgcc.a(_tablejump2.o)
 .text.libgcc   0x00000000        0xc c:/program files (x86)/atmel/studio/7.0/toolchain/avr8/avr8-gnu-toolchain/bin/../lib/gcc/avr/5.4.0/avr5\libgcc.a(_tablejump2.o)
 .text.libgcc.prologue
                0x00000000        0x0 c:/program files (x86)/atmel/studio/7.0/toolchain/avr8/avr8-gnu-toolchain/bin/../lib/gcc/avr/5.4.0/avr5\libgcc.a(_tablejump2.o)
 .text.libgcc.builtins
                0x00000000        0x0 c:/program files (x86)/atmel/studio/7.0/toolchain/avr8/avr8-gnu-toolchain/bin/../lib/gcc/avr/5.4.0/avr5\libgcc.a(_tablejump2.o)
 .text.libgcc.fmul
                0x00000000        0x0 c:/program files (x86)/atmel/studio/7.0/toolchain/avr8/avr8-gnu-toolchain/bin/../lib/gcc/avr/5.4.0/avr5\libgcc.a(_tablejump2.o)
 .text.libgcc.fixed
                0x00000000        0x0 c:/program files (x86)/atmel/studio/7.0/toolchain/avr8/avr8-gnu-toolchain/bin/../lib/gcc/avr/5.4.0/avr5\libgcc.a(_tablejump2.o)
 .text          0x00000000        0x0 c:/program files (x86)/atmel/studio/7.0/toolchain/avr8/avr8-gnu-toolchain/bin/../lib/gcc/avr/5.4.0/avr5\libgcc.a(_copy_data.o)
 .data          0x00000000        0x0 c:/program files (x86)/atmel/studio/7.0/toolchain/avr8/avr8-gnu-toolchain/bin/../lib/gcc/avr/5.4.0/avr5\libgcc.a(_copy_data.o)
 .bss           0x00000000        0x0 c:/program files (x86)/atmel/studio/7.0/toolchain/avr8/avr8-gnu-toolchain/bin/../lib/gcc/avr/5.4.0/avr5\libgcc.a(_copy_data.o)
 .text.libgcc.mul
                0x00000000        0x0 c:/program files (x86)/atmel/studio/7.0/toolchain/avr8/avr8-gnu-toolchain/bin/../lib/gcc/avr/5.4.0/avr5\libgcc.a(_copy_data.o)
 .text.libgcc.div
                0x00000000        0x0 c:/program files (x86)/atmel/studio/7.0/toolchain/avr8/avr8-gnu-toolchain/bin/../lib/gcc/avr/5.4.0/avr5\libgcc.a(_copy_data.o)
 .text.libgcc   0x00000000        0x0 c:/program files (x86)/atmel/studio/7.0/toolchain/avr8/avr8-gnu-toolchain/bin/../lib/gcc/avr/5.4.0/avr5\libgcc.a(_copy_data.o)
 .text.libgcc.prologue
                0x00000000        0x0 c:/program files (x86)/atmel/studio/7.0/toolchain/avr8/avr8-gnu-toolchain/bin/../lib/gcc/avr/5.4.0/avr5\libgcc.a(_copy_data.o)
 .text.libgcc.builtins
                0x00000000        0x0 c:/program files (x86)/atmel/studio/7.0/toolchain/avr8/avr8-gnu-toolchain/bin/../lib/gcc/avr/5.4.0/avr5\libgcc.a(_copy_data.o)
 .text.libgcc.fmul
                0x00000000        0x0 c:/program files (x86)/atmel/studio/7.0/toolchain/avr8/avr8-gnu-toolchain/bin/../lib/gcc/avr/5.4.0/avr5\libgcc.a(_copy_data.o)
 .text.libgcc.fixed
                0x00000000        0x0 c:/program files (x86)/atmel/studio/7.0/toolchain/avr8/avr8-gnu-toolchain/bin/../lib/gcc/avr/5.4.0/avr5\libgcc.a(_copy_data.o)
 .text          0x00000000        0x0 c:/program files (x86)/atmel/studio/7.0/toolchain/avr8/avr8-gnu-toolchain/bin/../lib/gcc/avr/5.4.0/avr5\libgcc.a(_clear_bss.o)
 .data          0x00000000        0x0 c:/program files (x86)/atmel/studio/7.0/toolchain/avr8/avr8-gnu-toolchain/bin/../lib/gcc/avr/5.4.0/avr5\libgcc.a(_clear_bss.o)
 .bss           0x00000000        0x0 c:/program files (x86)/atmel/studio/7.0/toolchain/avr8/avr8-gnu-toolchain/bin/../lib/gcc/avr/5.4.0/avr5\libgcc.a(_clear_bss.o)
 .text.libgcc.mul
                0x00000000        0x0 c:/program files (x86)/atmel/studio/7.0/toolchain/avr8/avr8-gnu-toolchain/bin/../lib/gcc/avr/5.4.0/avr5\libgcc.a(_clear_bss.o)
 .text.libgcc.div
                0x00000000        0x0 c:/program files (x86)/atmel/studio/7.0/toolchain/avr8/avr8-gnu-toolchain/bin/../lib/gcc/avr/5.4.0/avr5\libgcc.a(_clear_bss.o)
 .text.libgcc   0x00000000        0x0 c:/program files (x86)/atmel/studio/7.0/toolchain/avr8/avr8-gnu-toolchain/bin/../lib/gcc/avr/5.4.0/avr5\libgcc.a(_clear_bss.o)
 .text.libgcc.prologue
                0x00000000        0x0 c:/program files (x86)/atmel/studio/7.0/toolchain/avr8/avr8-gnu-toolchain/bin/../lib/gcc/avr/5.4.0/avr5\libgcc.a(_clear_bss.o)
 .text.libgcc.builtins
                0x00000000        0x0 c:/program files (x86)/atmel/studio/7.0/toolchain/avr8/avr8-gnu-toolchain/bin/../lib/gcc/avr/5.4.0/avr5\libgcc.a(_clear_bss.o)
 .text.libgcc.fmul
                0x00000000        0x0 c:/program files (x86)/atmel/studio/7.0/toolchain/avr8/avr8-gnu-toolchain/bin/../lib/gcc/avr/5.4.0/avr5\libgcc.a(_clear_bss.o)
 .text.libgcc.fixed
                0x00000000        0x0 c:/program files (x86)/atmel/studio/7.0/toolchain/avr8/avr8-gnu-toolchain/bin/../lib/gcc/avr/5.4.0/avr5\libgcc.a(_clear_bss.o)
 .text          0x00000000        0x0 c:/program files (x86)/atmel/studio/7.0/toolchain/avr8/avr8-gnu-toolchain/bin/../lib/gcc/avr/5.4.0/avr5\libgcc.a(_umulhisi3.o)
 .data          0x00000000        0x0 c:/program files (x86)/atmel/studio/7.0/toolchain/avr8/avr8-gnu-toolchain/bin/../lib/gcc/avr/5.4.0/avr5\libgcc.a(_umulhisi3.o)
 .bss           0x00000000        0x0 c:/program files (x86)/atmel/studio/7.0/toolchain/avr8/avr8-gnu-toolchain/bin/../lib/gcc/avr/5.4.0/avr5\libgcc.a(_umulhisi3.o)
 .text.libgcc.div
                0x00000000        0x0 c:/program files (x86)/atmel/studio/7.0/toolchain/avr8/avr8-gnu-toolchain/bin/../lib/gcc/avr/5.4.0/avr5\libgcc.a(_umulhisi3.o)
 .text.libgcc   0x00000000        0x0 c:/program files (x86)/atmel/studio/7.0/toolchain/avr8/avr8-gnu-toolchain/bin/../lib/gcc/avr/5.4.0/avr5\libgcc.a(_umulhisi3.o)
 .text.libgcc.prologue
                0x00000000        0x0 c:/program files (x86)/atmel/studio/7.0/toolchain/avr8/avr8-gnu-toolchain/bin/../lib/gcc/avr/5.4.0/avr5\libgcc.a(_umulhisi3.o)
 .text.libgcc.builtins
                0x00000000        0x0 c:/program files (x86)/atmel/studio/7.0/toolchain/avr8/avr8-gnu-toolchain/bin/../lib/gcc/avr/5.4.0/avr5\libgcc.a(_umulhisi3.o)
 .text.libgcc.fmul
                0x00000000        0x0 c:/program files (x86)/atmel/studio/7.0/toolchain/avr8/avr8-gnu-toolchain/bin/../lib/gcc/avr/5.4.0/avr5\libgcc.a(_umulhisi3.o)
 .text.libgcc.fixed
                0x00000000        0x0 c:/program files (x86)/atmel/studio/7.0/toolchain/avr8/avr8-gnu-toolchain/bin/../lib/gcc/avr/5.4.0/avr5\libgcc.a(_umulhisi3.o)
 .text          0x00000000        0x0 c:/program files (x86)/atmel/studio/7.0/toolchain/avr8/avr8-gnu-toolchain/bin/../lib/gcc/avr/5.4.0/avr5\libgcc.a(_muluhisi3.o)
 .data          0x00000000        0x0 c:/program files (x86)/atmel/studio/7.0/toolchain/avr8/avr8-gnu-toolchain/bin/../lib/gcc/avr/5.4.0/avr5\libgcc.a(_muluhisi3.o)
 .bss           0x00000000        0x0 c:/program files (x86)/atmel/studio/7.0/toolchain/avr8/avr8-gnu-toolchain/bin/../lib/gcc/avr/5.4.0/avr5\libgcc.a(_muluhisi3.o)
 .text.libgcc.div
                0x00000000        0x0 c:/program files (x86)/atmel/studio/7.0/toolchain/avr8/avr8-gnu-toolchain/bin/../lib/gcc/avr/5.4.0/avr5\libgcc.a(_muluhisi3.o)
 .text.libgcc   0x00000000        0x0 c:/program files (x86)/atmel/studio/7.0/toolchain/avr8/avr8-gnu-toolchain/bin/../lib/gcc/avr/5.4.0/avr5\libgcc.a(_muluhisi3.o)
 .text.libgcc.prologue
                0x00000000        0x0 c:/program files (x86)/atmel/studio/7.0/toolchain/avr8/avr8-gnu-toolchain/bin/../lib/gcc/avr/5.4.0/avr5\libgcc.a(_muluhisi3.o)
 .text.libgcc.builtins
                0x00000000        0x0 c:/program files (x86)/atmel/studio/7.0/toolchain/avr8/avr8-gnu-toolchain/bin/../lib/gcc/avr/5.4.0/avr5\libgcc.a(_muluhisi3.o)
 .text.libgcc.fmul
                0x00000000        0x0 c:/program files (x86)/atmel/studio/7.0/toolchain/avr8/avr8-gnu-toolchain/bin/../lib/gcc/avr/5.4.0/avr5\libgcc.a(_muluhisi3.o)
 .text.libgcc.fixed
                0x00000000        0x0 c:/program files (x86)/atmel/studio/7.0/toolchain/avr8/avr8-gnu-toolchain/bin/../lib/gcc/avr/5.4.0/avr5\libgcc.a(_muluhisi3.o)
 .text          0x00000000        0x0 c:/program files (x86)/atmel/studio/7.0/toolchain/avr8/avr8-gnu-toolchain/bin/../lib/gcc/avr/5.4.0/avr5\libgcc.a(_udivmodhi4.o)
 .data          0x00000000        0x0 c:/program files (x86)/atmel/studio/7.0/toolchain/avr8/avr8-gnu-toolchain/bin/../lib/gcc/avr/5.4.0/avr5\libgcc.a(_udivmodhi4.o)
 .bss           0x00000000        0x0 c:/program files (x86)/atmel/studio/7.0/toolchain/avr8/avr8-gnu-toolchain/bin/../lib/gcc/avr/5.4.0/avr5\libgcc.a(_udivmodhi4.o)
 .text.libgcc.mul
                0x00000000        0x0 c:/program files (x86)/atmel/studio/7.0/toolchain/avr8/avr8-gnu-toolchain/bin/../lib/gcc/avr/5.4.0/avr5\libgcc.a(_udivmodhi4.o)
 .text.libgcc.div
                0x00000000       0x28 c:/program files (x86)/atmel/studio/7.0/toolchain/avr8/avr8-gnu-toolchain/bin/../lib/gcc/avr/5.4.0/avr5\libgcc.a(_udivmodhi4.o)
 .text.libgcc   0x00000000        0x0 c:/program files (x86)/atmel/studio/7.0/toolchain/avr8/avr8-gnu-toolchain/bin/../lib/gcc/avr/5.4.0/avr5\libgcc.a(_udivmodhi4.o)
 .text.libgcc.prologue
                0x00000000        0x0 c:/program files (x86)/atmel/studio/7.0/toolchain/avr8/avr8-gnu-toolchain/bin/../lib/gcc/avr/5.4.0/avr5\libgcc.a(_udivmodhi4.o)
 .text.libgcc.builtins
                0x00000000        0x0 c:/program files (x86)/atmel/studio/7.0/toolchain/avr8/avr8-gnu-toolchain/bin/../lib/gcc/avr/5.4.0/avr5\libgcc.a(_udivmodhi4.o)
 .text.libgcc.fmul
                0x00000000        0x0 c:/program files (x86)/atmel/studio/7.0/toolchain/avr8/avr8-gnu-toolchain/bin/../lib/gcc/avr/5.4.0/avr5\libgcc.a(_udivmodhi4.o)
 .text.libgcc.fixed
                0x00000000        0x0 c:/program files (x86)/atmel/studio/7.0/toolchain/avr8/avr8-gnu-toolchain/bin/../lib/gcc/avr/5.4.0/avr5\libgcc.a(_udivmodhi4.o)

Memory Configuration

Name             Origin             Length             Attributes
text             0x00000000         0x00008000         xr
data             0x00800060         0x00000800         rw !x
eeprom           0x00810000         0x00000400         rw !x
fuse             0x00820000         0x00000002         rw !x
lock             0x00830000         0x00000400         rw !x
signature        0x00840000         0x00000400         rw !x
user_signatures  0x00850000         0x00000400         rw !x
*default*        0x00000000         0xffffffff

Linker script and memory map

LOAD C:/Program Files (x86)/Atmel/Studio/7.0/Packs/atmel/ATmega_DFP/1.6.364/gcc/dev/atmega32/avr5/crtatmega32.o
LOAD App/main.o
LOAD Hal/Buzzer/Buzzer.o
LOAD Hal/DcMotor/DcMotor.o
LOAD Hal/Eeprom/Eeprom.o
LOAD Hal/KeyPad/KeyPad.o
LOAD Hal/Lcd/Lcd.o
LOAD Hal/Led/Led.o
LOAD Hal/PushButton/PushButton.o
LOAD Hal/Servo/Servo.o
LOAD Hal/Ssd/Ssd.o
LOAD Hal/TempSensor/TempSensor.o
LOAD Mcal/Adc/Adc.o
LOAD Mcal/Dio/Dio.o
LOAD Mcal/ExtInt/ExtInt.o
LOAD Mcal/Spi/Spi.o
LOAD Mcal/Timer0/Timer0.o
LOAD Mcal/Timer1/Timer1.o
LOAD Mcal/Twi/Twi.o
LOAD Mcal/Uart/Uart.o
LOAD Mcal/Wdt/Wdt.o
START GROUP
LOAD c:/program files (x86)/atmel/studio/7.0/toolchain/avr8/avr8-gnu-toolchain/bin/../lib/gcc/avr/5.4.0/../../../../avr/lib/avr5\libm.a
END GROUP
START GROUP
LOAD c:/program files (x86)/atmel/studio/7.0/toolchain/avr8/avr8-gnu-toolchain/bin/../lib/gcc/avr/5.4.0/avr5\libgcc.a
LOAD c:/program files (x86)/atmel/studio/7.0/toolchain/avr8/avr8-gnu-toolchain/bin/../lib/gcc/avr/5.4.0/../../../../avr/lib/avr5\libm.a
LOAD c:/program files (x86)/atmel/studio/7.0/toolchain/avr8/avr8-gnu-toolchain/bin/../lib/gcc/avr/5.4.0/../../../../avr/lib/avr5\libc.a
LOAD C:/Program Files (x86)/Atmel/Studio/7.0/Packs/atmel/ATmega_DFP/1.6.364/gcc/dev/atmega32/avr5\libatmega32.a
END GROUP
                0x00000000                __TEXT_REGION_ORIGIN__ = DEFINED (__TEXT_REGION_ORIGIN__)?__TEXT_REGION_ORIGIN__:0x0
                [0x00800060]                __DATA_REGION_ORIGIN__ = DEFINED (__DATA_REGION_ORIGIN__)?__DATA_REGION_ORIGIN__:0x800060
                [0x00008000]                __TEXT_REGION_LENGTH__ = DEFINED (__TEXT_REGION_LENGTH__)?__TEXT_REGION_LENGTH__:0x20000
                [0x00000800]                __DATA_REGION_LENGTH__ = DEFINED (__DATA_REGION_LENGTH__)?__DATA_REGION_LENGTH__:0xffa0
                [0x00000400]                __EEPROM_REGION_LENGTH__ = DEFINED (__EEPROM_REGION_LENGTH__)?__EEPROM_REGION_LENGTH__:0x10000
                [0x00000002]                __FUSE_REGION_LENGTH__ = DEFINED (__FUSE_REGION_LENGTH__)?__FUSE_REGION_LENGTH__:0x400
                0x00000400                __LOCK_REGION_LENGTH__ = DEFINED (__LOCK_REGION_LENGTH__)?__LOCK_REGION_LENGTH__:0x400
                0x00000400                __SIGNATURE_REGION_LENGTH__ = DEFINED (__SIGNATURE_REGION_LENGTH__)?__SIGNATURE_REGION_LENGTH__:0x400
                0x00000400                __USER_SIGNATURE_REGION_LENGTH__ = DEFINED (__USER_SIGNATURE_REGION_LENGTH__)?__USER_SIGNATURE_REGION_LENGTH__:0x400

.hash
 *(.hash)

.dynsym
 *(.dynsym)

.dynstr
 *(.dynstr)

.gnu.version
 *(.gnu.version)

.gnu.version_d
 *(.gnu.version_d)

.gnu.version_r
 *(.gnu.version_r)

.rel.init
 *(.rel.init)

.rela.init
 *(.rela.init)

.rel.text
 *(.rel.text)
 *(.rel.text.*)
 *(.rel.gnu.linkonce.t*)

.rela.text
 *(.rela.text)
 *(.rela.text.*)
 *(.rela.gnu.linkonce.t*)

.rel.fini
 *(.rel.fini)

.rela.fini
 *(.rela.fini)

.rel.rodata
 *(.rel.rodata)
 *(.rel.rodata.*)
 *(.rel.gnu.linkonce.r*)

.rela.rodata
 *(.rela.rodata)
 *(.rela.rodata.*)
 *(.rela.gnu.linkonce.r*)

.rel.data
 *(.rel.data)
 *(.rel.data.*)
 *(.rel.gnu.linkonce.d*)

.rela.data
 *(.rela.data)
 *(.rela.data.*)
 *(.rela.gnu.linkonce.d*)

.rel.ctors
 *(.rel.ctors)

.rela.ctors
 *(.rela.ctors)

.rel.dtors
 *(.rel.dtors)

.rela.dtors
 *(.rela.dtors)

.rel.got
 *(.rel.got)

.rela.got
 *(.rela.got)

.rel.bss
 *(.rel.bss)

.rela.bss
 *(.rela.bss)

.rel.plt
 *(.rel.plt)

.rela.plt
 *(.rela.plt)

.text           0x00000000      0x2a6
 *(.vectors)
 .vectors       0x00000000       0x54 C:/Program Files (x86)/Atmel/Studio/7.0/Packs/atmel/ATmega_DFP/1.6.364/gcc/dev/atmega32/avr5/crtatmega32.o
                0x00000000                __vector_default
                0x00000000                __vectors
 *(.vectors)
 *(.progmem.gcc*)
                0x00000054                . = ALIGN (0x2)
                0x00000054                __trampolines_start = .
 *(.trampolines)
 .trampolines   0x00000054        0x0 linker stubs
 *(.trampolines*)
                0x00000054                __trampolines_end = .
 *libprintf_flt.a:*(.progmem.data)
 *libc.a:*(.progmem.data)
 *(.progmem*)
                0x00000054                . = ALIGN (0x2)
 *(.jumptables)
 *(.jumptables*)
 *(.lowtext)
 *(.lowtext*)
                0x00000054                __ctors_start = .
 *(.ctors)
                0x00000054                __ctors_end = .
                0x00000054                __dtors_start = .
 *(.dtors)
                0x00000054                __dtors_end = .
 SORT(*)(.ctors)
 SORT(*)(.dtors)
 *(.init0)
 .init0         0x00000054        0x0 C:/Program Files (x86)/Atmel/Studio/7.0/Packs/atmel/ATmega_DFP/1.6.364/gcc/dev/atmega32/avr5/crtatmega32.o
                0x00000054                __init
 *(.init0)
 *(.init1)
 *(.init1)
 *(.init2)
 .init2         0x00000054        0xc C:/Program Files (x86)/Atmel/Studio/7.0/Packs/atmel/ATmega_DFP/1.6.364/gcc/dev/atmega32/avr5/crtatmega32.o
 *(.init2)
 *(.init3)
 *(.init3)
 *(.init4)
 .init4         0x00000060       0x16 c:/program files (x86)/atmel/studio/7.0/toolchain/avr8/avr8-gnu-toolchain/bin/../lib/gcc/avr/5.4.0/avr5\libgcc.a(_copy_data.o)
                0x00000060                __do_copy_data
 .init4         0x00000076       0x10 c:/program files (x86)/atmel/studio/7.0/toolchain/avr8/avr8-gnu-toolchain/bin/../lib/gcc/avr/5.4.0/avr5\libgcc.a(_clear_bss.o)
                0x00000076                __do_clear_bss
 *(.init4)
 *(.init5)
 *(.init5)
 *(.init6)
 *(.init6)
 *(.init7)
 *(.init7)
 *(.init8)
 *(.init8)
 *(.init9)
 .init9         0x00000086        0x8 C:/Program Files (x86)/Atmel/Studio/7.0/Packs/atmel/ATmega_DFP/1.6.364/gcc/dev/atmega32/avr5/crtatmega32.o
 *(.init9)
 *(.text)
 .text          0x0000008e        0x4 C:/Program Files (x86)/Atmel/Studio/7.0/Packs/atmel/ATmega_DFP/1.6.364/gcc/dev/atmega32/avr5/crtatmega32.o
                0x0000008e                __vector_12
                0x0000008e                __bad_interrupt
                0x0000008e                __vector_6
                0x0000008e                __vector_3
                0x0000008e                __vector_13
                0x0000008e                __vector_17
                0x0000008e                __vector_19
                0x0000008e                __vector_7
                0x0000008e                __vector_5
                0x0000008e                __vector_4
                0x0000008e                __vector_9
                0x0000008e                __vector_2
                0x0000008e                __vector_15
                0x0000008e                __vector_8
                0x0000008e                __vector_14
                0x0000008e                __vector_10
                0x0000008e                __vector_16
                0x0000008e                __vector_18
                0x0000008e                __vector_20
                0x00000092                . = ALIGN (0x2)
 *(.text.*)
 .text.A_Timer0_Excution
                0x00000092        0xe App/main.o
                0x00000092                A_Timer0_Excution
 .text.main     0x000000a0       0x24 App/main.o
                0x000000a0                main
 .text.__vector_1
                0x000000c4       0x4e Mcal/ExtInt/ExtInt.o
                0x000000c4                __vector_1
 .text.M_Timer0_Init
                0x00000112       0x1a Mcal/Timer0/Timer0.o
                0x00000112                M_Timer0_Init
 .text.M_Timer0_SetTime
                0x0000012c       0x7e Mcal/Timer0/Timer0.o
                0x0000012c                M_Timer0_SetTime
 .text.M_Timer0_Start
                0x000001aa       0x14 Mcal/Timer0/Timer0.o
                0x000001aa                M_Timer0_Start
 .text.M_Timer0_SetCallBack
                0x000001be        0xa Mcal/Timer0/Timer0.o
                0x000001be                M_Timer0_SetCallBack
 .text.__vector_11
                0x000001c8       0xa6 Mcal/Timer0/Timer0.o
                0x000001c8                __vector_11
 .text.libgcc.mul
                0x0000026e       0x1e c:/program files (x86)/atmel/studio/7.0/toolchain/avr8/avr8-gnu-toolchain/bin/../lib/gcc/avr/5.4.0/avr5\libgcc.a(_umulhisi3.o)
                0x0000026e                __umulhisi3
 .text.libgcc.mul
                0x0000028c       0x16 c:/program files (x86)/atmel/studio/7.0/toolchain/avr8/avr8-gnu-toolchain/bin/../lib/gcc/avr/5.4.0/avr5\libgcc.a(_muluhisi3.o)
                0x0000028c                __muluhisi3
                0x000002a2                . = ALIGN (0x2)
 *(.fini9)
 .fini9         0x000002a2        0x0 c:/program files (x86)/atmel/studio/7.0/toolchain/avr8/avr8-gnu-toolchain/bin/../lib/gcc/avr/5.4.0/avr5\libgcc.a(_exit.o)
                0x000002a2                _exit
                0x000002a2                exit
 *(.fini9)
 *(.fini8)
 *(.fini8)
 *(.fini7)
 *(.fini7)
 *(.fini6)
 *(.fini6)
 *(.fini5)
 *(.fini5)
 *(.fini4)
 *(.fini4)
 *(.fini3)
 *(.fini3)
 *(.fini2)
 *(.fini2)
 *(.fini1)
 *(.fini1)
 *(.fini0)
 .fini0         0x000002a2        0x4 c:/program files (x86)/atmel/studio/7.0/toolchain/avr8/avr8-gnu-toolchain/bin/../lib/gcc/avr/5.4.0/avr5\libgcc.a(_exit.o)
 *(.fini0)
                0x000002a6                _etext = .

.data           0x00800060        0x0 load address 0x000002a6
                0x00800060                PROVIDE (__data_start, .)
 *(.data)
 *(.data*)
 *(.gnu.linkonce.d*)
 *(.rodata)
 *(.rodata*)
 *(.gnu.linkonce.r*)
                0x00800060                . = ALIGN (0x2)
                0x00800060                _edata = .
                0x00800060                PROVIDE (__data_end, .)

.bss            0x00800060        0xb
                0x00800060                PROVIDE (__bss_start, .)
 *(.bss)
 *(.bss*)
 .bss.Local_u32_Counter.1685
                0x00800060        0x4 Mcal/Timer0/Timer0.o
 .bss.Timer0_u8_RemTicks
                0x00800064        0x1 Mcal/Timer0/Timer0.o
                0x00800064                Timer0_u8_RemTicks
 .bss.Timer0_u32_NumOfOverFlow
                0x00800065        0x4 Mcal/Timer0/Timer0.o
                0x00800065                Timer0_u32_NumOfOverFlow
 *(COMMON)
 COMMON         0x00800069        0x2 Mcal/ExtInt/ExtInt.o
                0x00800069                CallBack
                0x0080006b                PROVIDE (__bss_end, .)
                0x000002a6                __data_load_start = LOADADDR (.data)
                0x000002a6                __data_load_end = (__data_load_start + SIZEOF (.data))

.noinit         0x0080006b        0x0
                [!provide]                PROVIDE (__noinit_start, .)
 *(.noinit*)
                [!provide]                PROVIDE (__noinit_end, .)
                0x0080006b                _end = .
                [!provide]                PROVIDE (__heap_start, .)

.eeprom         0x00810000        0x0
 *(.eeprom*)
                0x00810000                __eeprom_end = .

.fuse
 *(.fuse)
 *(.lfuse)
 *(.hfuse)
 *(.efuse)

.lock
 *(.lock*)

.signature
 *(.signature*)

.user_signatures
 *(.user_signatures*)

.stab
 *(.stab)

.stabstr
 *(.stabstr)

.stab.excl
 *(.stab.excl)

.stab.exclstr
 *(.stab.exclstr)

.stab.index
 *(.stab.index)

.stab.indexstr
 *(.stab.indexstr)

.comment        0x00000000       0x30
 *(.comment)
 .comment       0x00000000       0x30 App/main.o
                                 0x31 (size before relaxing)
 .comment       0x00000030       0x31 Mcal/ExtInt/ExtInt.o
 .comment       0x00000030       0x31 Mcal/Timer0/Timer0.o

.note.gnu.avr.deviceinfo
                0x00000000       0x3c
 .note.gnu.avr.deviceinfo
                0x00000000       0x3c C:/Program Files (x86)/Atmel/Studio/7.0/Packs/atmel/ATmega_DFP/1.6.364/gcc/dev/atmega32/avr5/crtatmega32.o

.note.gnu.build-id
 *(.note.gnu.build-id)

.debug
 *(.debug)

.line
 *(.line)

.debug_srcinfo
 *(.debug_srcinfo)

.debug_sfnames
 *(.debug_sfnames)

.debug_aranges  0x00000000       0xc8
 *(.debug_aranges)
 .debug_aranges
                0x00000000       0x30 App/main.o
 .debug_aranges
                0x00000030       0x30 Mcal/ExtInt/ExtInt.o
 .debug_aranges
                0x00000060       0x68 Mcal/Timer0/Timer0.o

.debug_pubnames
 *(.debug_pubnames)

.debug_info     0x00000000      0x9ad
 *(.debug_info .gnu.linkonce.wi.*)
 .debug_info    0x00000000      0x4e6 C:/Program Files (x86)/Atmel/Studio/7.0/Packs/atmel/ATmega_DFP/1.6.364/gcc/dev/atmega32/avr5/crtatmega32.o
 .debug_info    0x000004e6      0x153 App/main.o
 .debug_info    0x00000639      0x106 Mcal/ExtInt/ExtInt.o
 .debug_info    0x0000073f      0x26e Mcal/Timer0/Timer0.o

.debug_abbrev   0x00000000      0x737
 *(.debug_abbrev)
 .debug_abbrev  0x00000000      0x4a3 C:/Program Files (x86)/Atmel/Studio/7.0/Packs/atmel/ATmega_DFP/1.6.364/gcc/dev/atmega32/avr5/crtatmega32.o
 .debug_abbrev  0x000004a3       0xb1 App/main.o
 .debug_abbrev  0x00000554       0xc0 Mcal/ExtInt/ExtInt.o
 .debug_abbrev  0x00000614      0x123 Mcal/Timer0/Timer0.o

.debug_line     0x00000000      0x533
 *(.debug_line .debug_line.* .debug_line_end)
 .debug_line    0x00000000      0x116 C:/Program Files (x86)/Atmel/Studio/7.0/Packs/atmel/ATmega_DFP/1.6.364/gcc/dev/atmega32/avr5/crtatmega32.o
 .debug_line    0x00000116      0x10a App/main.o
 .debug_line    0x00000220      0x106 Mcal/ExtInt/ExtInt.o
 .debug_line    0x00000326      0x20d Mcal/Timer0/Timer0.o

.debug_frame    0x00000000      0x1d8
 *(.debug_frame)
 .debug_frame   0x00000000       0x44 App/main.o
 .debug_frame   0x00000044       0x8c Mcal/ExtInt/ExtInt.o
 .debug_frame   0x000000d0      0x108 Mcal/Timer0/Timer0.o

.debug_str      0x00000000      0x4c5
 *(.debug_str)
 .debug_str     0x00000000      0x196 C:/Program Files (x86)/Atmel/Studio/7.0/Packs/atmel/ATmega_DFP/1.6.364/gcc/dev/atmega32/avr5/crtatmega32.o
 .debug_str     0x00000196      0x1b9 App/main.o
                                0x1ed (size before relaxing)
 .debug_str     0x0000034f       0x47 Mcal/ExtInt/ExtInt.o
                                0x1c2 (size before relaxing)
 .debug_str     0x00000396      0x12f Mcal/Timer0/Timer0.o
                                0x2ed (size before relaxing)

.debug_loc      0x00000000      0x23c
 *(.debug_loc)
 .debug_loc     0x00000000       0xcb Mcal/ExtInt/ExtInt.o
 .debug_loc     0x000000cb      0x171 Mcal/Timer0/Timer0.o

.debug_macinfo
 *(.debug_macinfo)

.debug_weaknames
 *(.debug_weaknames)

.debug_funcnames
 *(.debug_funcnames)

.debug_typenames
 *(.debug_typenames)

.debug_varnames
 *(.debug_varnames)

.debug_pubtypes
 *(.debug_pubtypes)

.debug_ranges   0x00000000       0x98
 *(.debug_ranges)
 .debug_ranges  0x00000000       0x20 App/main.o
 .debug_ranges  0x00000020       0x20 Mcal/ExtInt/ExtInt.o
 .debug_ranges  0x00000040       0x58 Mcal/Timer0/Timer0.o

.debug_macro
 *(.debug_macro)
OUTPUT(D29.elf elf32-avr)
LOAD linker stubs
